Taxon	Mock.1	Mock.2	Mock.3
Root;Saccharomycetes	0.0625	0.0625	0.0625	
Root;Saccharomycetes	0.0625	0.0625	0.0625	
Root;Saccharomycetes	0.0625	0.0625	0.0625	
Root;Saccharomycetes	0.0625	0.0625	0.0625	
Root;Saccharomycetes	0.0625	0.0625	0.0625	
Root;Saccharomycetes	0.0625	0.0625	0.0625	
Root;Saccharomycetes	0.0625	0.0625	0.0625	
Root;Saccharomycetes	0.0625	0.0625	0.0625	
Root;Eurotiomycetes	0.0625	0.0625	0.0625	
Root;Eurotiomycetes	0.0625	0.0625	0.0625	
Root;Sordariomycetes	0.0625	0.0625	0.0625	
Root;Sordariomycetes	0.0625	0.0625	0.0625	
