Taxon	HMPMockV1.1.Even1	HMPMockV1.1.Even2	HMPMockV1.2.Staggered1	HMPMockV1.2.Staggered2
k__Bacteria;p__Proteobacteria	0.047593664	0.047593664	0.021431633	0.021431633	
k__Bacteria;p__Actinobacteria	0.047593664	0.047593664	0.002143163	0.002143163	
k__Bacteria;p__Firmicutes	0.142780992	0.142780992	0.142780992	0.142780992	
k__Bacteria;p__Bacteroidetes	0.047593664	0.047593664	0.000214316	0.000214316	
k__Fungi;p__Ascomycota	0.000533049	0.000533049	0.000214316	0.000214316	
k__Bacteria;p__Firmicutes	0.142780992	0.142780992	0.142780992	0.142780992	
k__Bacteria;p__Thermi	0.047593664	0.047593664	0.000214316	0.000214316	
k__Bacteria;p__Firmicutes	0.142780992	0.142780992	0.142780992	0.142780992	
k__Bacteria;p__Proteobacteria	0.047593664	0.047593664	0.021431633	0.021431633	
k__Bacteria;p__Proteobacteria	0.047593664	0.047593664	0.021431633	0.021431633	
k__Bacteria;p__Firmicutes	0.142780992	0.142780992	0.142780992	0.142780992	
k__Bacteria;p__Firmicutes	0.142780992	0.142780992	0.142780992	0.142780992	
k__Archaea;p__Euryarchaeota	0.047593664	0.047593664	0.214316331	0.214316331	
k__Bacteria;p__Proteobacteria	0.047593664	0.047593664	0.021431633	0.021431633	
k__Bacteria;p__Actinobacteria	0.047593664	0.047593664	0.002143163	0.002143163	
k__Bacteria;p__Proteobacteria	0.047593664	0.047593664	0.021431633	0.021431633	
k__Bacteria;p__Proteobacteria	0.047593664	0.047593664	0.021431633	0.021431633	
k__Bacteria;p__Firmicutes	0.142780992	0.142780992	0.142780992	0.142780992	
k__Bacteria;p__Firmicutes	0.142780992	0.142780992	0.142780992	0.142780992	
