Num samples: 98
Num observations: 11
Total count: 97
Table density (fraction of non-zero values): 0.981

Counts/sample summary:
 Min: 0.99999999989999999
 Max: 1.0000000001
 Median: 1.000
 Mean: 1.000
 Std. dev.: 0.000
 Sample Metadata Categories: None provided
 Observation Metadata Categories: taxonomy

Counts/sample detail:
Mock.14: 0.9999999999
Mock.15: 0.9999999999
Mock.16: 0.9999999999
Mock.17: 0.9999999999
Mock.10: 0.9999999999
Mock.11: 0.9999999999
Mock.12: 0.9999999999
Mock.13: 0.9999999999
Mock.18: 0.9999999999
Mock.19: 0.9999999999
Mock.89: 0.9999999999
Mock.88: 0.9999999999
Mock.87: 0.9999999999
Mock.86: 0.9999999999
Mock.85: 0.9999999999
Mock.84: 0.9999999999
Mock.83: 0.9999999999
Mock.82: 0.9999999999
Mock.20: 0.9999999999
Mock.100: 0.9999999999
Mock.98: 0.9999999999
Mock.94: 0.9999999999
Mock.96: 0.9999999999
Mock.97: 0.9999999999
Mock.90: 0.9999999999
Mock.91: 0.9999999999
Mock.92: 0.9999999999
Mock.99: 0.9999999999
Mock.95: 0.9999999999
Mock.93: 0.9999999999
Mock.48: 0.9999999999
Mock.43: 0.9999999999
Mock.41: 0.9999999999
Mock.47: 0.9999999999
Mock.46: 0.9999999999
Mock.45: 0.9999999999
Mock.44: 0.9999999999
Mock.6: 0.9999999999
Mock.7: 0.9999999999
Mock.4: 0.9999999999
Mock.5: 0.9999999999
Mock.2: 0.9999999999
Mock.3: 0.9999999999
Mock.1: 0.9999999999
Mock.8: 0.9999999999
Mock.9: 0.9999999999
Mock.58: 0.9999999999
Mock.52: 0.9999999999
Mock.53: 0.9999999999
Mock.54: 0.9999999999
Mock.57: 0.9999999999
Mock.81: 0.9999999999
Mock.122: 1.0
Mock.126: 1.0
Mock.120: 1.0000000001
Mock.67: 1.0000000001
Mock.66: 1.0000000001
Mock.62: 1.0000000001
Mock.79: 1.0000000001
Mock.110: 1.0000000001
Mock.111: 1.0000000001
Mock.21: 1.0000000001
Mock.23: 1.0000000001
Mock.22: 1.0000000001
Mock.25: 1.0000000001
Mock.24: 1.0000000001
Mock.27: 1.0000000001
Mock.26: 1.0000000001
Mock.29: 1.0000000001
Mock.28: 1.0000000001
Mock.105: 1.0000000001
Mock.101: 1.0000000001
Mock.103: 1.0000000001
Mock.102: 1.0000000001
Mock.104: 1.0000000001
Mock.107: 1.0000000001
Mock.106: 1.0000000001
Mock.108: 1.0000000001
Mock.38: 1.0000000001
Mock.39: 1.0000000001
Mock.36: 1.0000000001
Mock.37: 1.0000000001
Mock.34: 1.0000000001
Mock.35: 1.0000000001
Mock.32: 1.0000000001
Mock.33: 1.0000000001
Mock.30: 1.0000000001
Mock.31: 1.0000000001
Mock.109: 1.0000000001
Mock.40: 1.0000000001
Mock.118: 1.0000000001
Mock.116: 1.0000000001
Mock.117: 1.0000000001
Mock.114: 1.0000000001
Mock.119: 1.0000000001
Mock.115: 1.0000000001
Mock.112: 1.0000000001
Mock.113: 1.0000000001